rollback attempt 1
{
  "status": "ready",
  "origin": "https://runner3-factory-smoke-2.wasmer.app",
  "builtAt": "2026-08-19T22:11:06.069Z",
  "pages": 16,
  "bytes": 367037,
  "paths": [
    "/",
    "/2026/08/17/a-field-guide-to-useful-friction/",
    "/2026/08/17/after-the-feed-what-comes-next-for-the-open-web/",
    "/2026/08/17/designing-for-people-who-skip-the-tutorial/",
    "/2026/08/17/small-models-big-consequences/",
    "/2026/08/17/the-new-geography-of-digital-work/",
    "/2026/08/17/the-quiet-machines-running-the-city/",
    "/2026/08/17/the-return-of-personal-software/",
    "/2026/08/17/why-interfaces-are-becoming-invisible/",
    "/2026/08/18/bentley-introduces-merino-wool-interior-for-upcoming-torcal-ev/",
    "/about/",
    "/category/culture/",
    "/category/field-notes/",
    "/category/systems/",
    "/category/technology/",
    "/contact/"
  ],
  "errors": [
    {
      "path": "/category/technology/feed/",
      "status": 200,
      "detail": "content-type=application/rss+xml; charset=UTF-8"
    },
    {
      "path": "/category/culture/feed/",
      "status": 200,
      "detail": "content-type=application/rss+xml; charset=UTF-8"
    },
    {
      "path": "/category/systems/feed/",
      "status": 200,
      "detail": "content-type=application/rss+xml; charset=UTF-8"
    },
    {
      "path": "/category/field-notes/feed/",
      "status": 200,
      "detail": "content-type=application/rss+xml; charset=UTF-8"
    }
  ],
  "modulePath": "edge/wordpress-edge-proxy/src/snapshot.generated.js"
}

 ⛅️ wrangler 4.124.0
────────────────────

[31m✘ [41;31m[[41;97mERROR[41;31m][0m [1mCould not read file: edge/wordpress-edge-proxy/wrangler.v2.jsonc[0m

  ENOENT: no such file or directory, open '/home/runner/work/runner-3/runner-3/edge/wordpress-edge-proxy/wrangler.v2.jsonc'
  
  If you think this is a bug, please open an issue at: [4mhttps://github.com/cloudflare/workers-sdk/issues/new/choose[0m


🪵  Logs were written to "/home/runner/.config/.wrangler/logs/wrangler-2026-08-19_22-11-13_008.log"
{
  "status": "failed",
  "edgeUrl": "https://wordpress-edge-proxy-v2.ducduy2411.workers.dev",
  "architecture": "snapshot-direct",
  "detail": "Command failed: npx --yes wrangler@4.124.0 deploy --config edge/wordpress-edge-proxy/wrangler.v2.jsonc",
  "checkedAt": "2026-08-19T22:11:13.599Z"
}
rollback attempt 2
{
  "status": "ready",
  "origin": "https://runner3-factory-smoke-2.wasmer.app",
  "builtAt": "2026-08-19T22:11:17.665Z",
  "pages": 16,
  "bytes": 367037,
  "paths": [
    "/",
    "/2026/08/17/a-field-guide-to-useful-friction/",
    "/2026/08/17/after-the-feed-what-comes-next-for-the-open-web/",
    "/2026/08/17/designing-for-people-who-skip-the-tutorial/",
    "/2026/08/17/small-models-big-consequences/",
    "/2026/08/17/the-new-geography-of-digital-work/",
    "/2026/08/17/the-quiet-machines-running-the-city/",
    "/2026/08/17/the-return-of-personal-software/",
    "/2026/08/17/why-interfaces-are-becoming-invisible/",
    "/2026/08/18/bentley-introduces-merino-wool-interior-for-upcoming-torcal-ev/",
    "/about/",
    "/category/culture/",
    "/category/field-notes/",
    "/category/systems/",
    "/category/technology/",
    "/contact/"
  ],
  "errors": [
    {
      "path": "/category/technology/feed/",
      "status": 200,
      "detail": "content-type=application/rss+xml; charset=UTF-8"
    },
    {
      "path": "/category/culture/feed/",
      "status": 200,
      "detail": "content-type=application/rss+xml; charset=UTF-8"
    },
    {
      "path": "/category/systems/feed/",
      "status": 200,
      "detail": "content-type=application/rss+xml; charset=UTF-8"
    },
    {
      "path": "/category/field-notes/feed/",
      "status": 200,
      "detail": "content-type=application/rss+xml; charset=UTF-8"
    }
  ],
  "modulePath": "edge/wordpress-edge-proxy/src/snapshot.generated.js"
}

 ⛅️ wrangler 4.124.0
────────────────────

[31m✘ [41;31m[[41;97mERROR[41;31m][0m [1mCould not read file: edge/wordpress-edge-proxy/wrangler.v2.jsonc[0m

  ENOENT: no such file or directory, open '/home/runner/work/runner-3/runner-3/edge/wordpress-edge-proxy/wrangler.v2.jsonc'
  
  If you think this is a bug, please open an issue at: [4mhttps://github.com/cloudflare/workers-sdk/issues/new/choose[0m


🪵  Logs were written to "/home/runner/.config/.wrangler/logs/wrangler-2026-08-19_22-11-24_509.log"
{
  "status": "failed",
  "edgeUrl": "https://wordpress-edge-proxy-v2.ducduy2411.workers.dev",
  "architecture": "snapshot-direct",
  "detail": "Command failed: npx --yes wrangler@4.124.0 deploy --config edge/wordpress-edge-proxy/wrangler.v2.jsonc",
  "checkedAt": "2026-08-19T22:11:25.115Z"
}
rollback attempt 3
{
  "status": "ready",
  "origin": "https://runner3-factory-smoke-2.wasmer.app",
  "builtAt": "2026-08-19T22:11:29.176Z",
  "pages": 16,
  "bytes": 367037,
  "paths": [
    "/",
    "/2026/08/17/a-field-guide-to-useful-friction/",
    "/2026/08/17/after-the-feed-what-comes-next-for-the-open-web/",
    "/2026/08/17/designing-for-people-who-skip-the-tutorial/",
    "/2026/08/17/small-models-big-consequences/",
    "/2026/08/17/the-new-geography-of-digital-work/",
    "/2026/08/17/the-quiet-machines-running-the-city/",
    "/2026/08/17/the-return-of-personal-software/",
    "/2026/08/17/why-interfaces-are-becoming-invisible/",
    "/2026/08/18/bentley-introduces-merino-wool-interior-for-upcoming-torcal-ev/",
    "/about/",
    "/category/culture/",
    "/category/field-notes/",
    "/category/systems/",
    "/category/technology/",
    "/contact/"
  ],
  "errors": [
    {
      "path": "/category/technology/feed/",
      "status": 200,
      "detail": "content-type=application/rss+xml; charset=UTF-8"
    },
    {
      "path": "/category/culture/feed/",
      "status": 200,
      "detail": "content-type=application/rss+xml; charset=UTF-8"
    },
    {
      "path": "/category/systems/feed/",
      "status": 200,
      "detail": "content-type=application/rss+xml; charset=UTF-8"
    },
    {
      "path": "/category/field-notes/feed/",
      "status": 200,
      "detail": "content-type=application/rss+xml; charset=UTF-8"
    }
  ],
  "modulePath": "edge/wordpress-edge-proxy/src/snapshot.generated.js"
}

 ⛅️ wrangler 4.124.0
────────────────────

[31m✘ [41;31m[[41;97mERROR[41;31m][0m [1mCould not read file: edge/wordpress-edge-proxy/wrangler.v2.jsonc[0m

  ENOENT: no such file or directory, open '/home/runner/work/runner-3/runner-3/edge/wordpress-edge-proxy/wrangler.v2.jsonc'
  
  If you think this is a bug, please open an issue at: [4mhttps://github.com/cloudflare/workers-sdk/issues/new/choose[0m


🪵  Logs were written to "/home/runner/.config/.wrangler/logs/wrangler-2026-08-19_22-11-35_926.log"
{
  "status": "failed",
  "edgeUrl": "https://wordpress-edge-proxy-v2.ducduy2411.workers.dev",
  "architecture": "snapshot-direct",
  "detail": "Command failed: npx --yes wrangler@4.124.0 deploy --config edge/wordpress-edge-proxy/wrangler.v2.jsonc",
  "checkedAt": "2026-08-19T22:11:36.521Z"
}
